Running tests...
[INFO] perfect_hashmap.perfect_hashmap_create: Perfect hash map created successfully! Size: 37, Capacity: 107, Salt: 385
[2 q[WARNING] config.config_load: cannot parse /home/jules/.config/arc/config.toml - fopen: /home/jules/.config/arc/config.toml
[INFO] config.config_load_theme: loading theme from /home/jules/.config/arc/themes/default.toml
[WARNING] theme.theme_load: cannot parse /home/jules/.config/arc/themes/default.toml - fopen: /home/jules/.config/arc/themes/default.toml
  - test_dw
[WARNING] config.load_language: dlopen failed: /home/jules/.config/arc/grammars/txt.so: cannot open shared object file: No such file or directory
[INFO] get targ range: (0, 0), (0, 5)
[INFO] range_delete: left=0, right=5, top=0, bottom=0
  - test_de
[WARNING] config.load_language: dlopen failed: /home/jules/.config/arc/grammars/txt.so: cannot open shared object file: No such file or directory
[INFO] get targ range: (0, 3), (0, 5)
[INFO] range_delete: left=3, right=5, top=0, bottom=0
  - test_mid_word_db
[WARNING] config.load_language: dlopen failed: /home/jules/.config/arc/grammars/txt.so: cannot open shared object file: No such file or directory
[INFO] get targ range: (0, 8), (0, 6)
[INFO] range_delete: left=6, right=8, top=0, bottom=0
  - test_start_of_line_to_mid_line_db
[WARNING] config.load_language: dlopen failed: /home/jules/.config/arc/grammars/txt.so: cannot open shared object file: No such file or directory
[INFO] get targ range: (1, 0), (0, 6)
[INFO] range_delete: left=6, right=0, top=0, bottom=1
  - test_start_of_line_to_start_of_line_db
[WARNING] config.load_language: dlopen failed: /home/jules/.config/arc/grammars/txt.so: cannot open shared object file: No such file or directory
[INFO] get targ range: (2, 0), (1, 0)
[INFO] range_delete: left=0, right=0, top=1, bottom=2
  - test_start_of_line_to_start_of_line_db
[WARNING] config.load_language: dlopen failed: /home/jules/.config/arc/grammars/txt.so: cannot open shared object file: No such file or directory
[INFO] get targ range: (2, 0), (1, 0)
[INFO] range_delete: left=0, right=0, top=1, bottom=2
  - test_dW
[WARNING] config.load_language: dlopen failed: /home/jules/.config/arc/grammars/txt.so: cannot open shared object file: No such file or directory
[INFO] get targ range: (0, 0), (0, 5)
[INFO] range_delete: left=0, right=5, top=0, bottom=0
  - test_dE
[WARNING] config.load_language: dlopen failed: /home/jules/.config/arc/grammars/txt.so: cannot open shared object file: No such file or directory
[INFO] get targ range: (0, 3), (0, 5)
[INFO] range_delete: left=3, right=5, top=0, bottom=0
  - test_mid_word_dB
[WARNING] config.load_language: dlopen failed: /home/jules/.config/arc/grammars/txt.so: cannot open shared object file: No such file or directory
[INFO] get targ range: (0, 8), (0, 6)
[INFO] range_delete: left=6, right=8, top=0, bottom=0
  - test_start_of_line_to_mid_line_dB
[WARNING] config.load_language: dlopen failed: /home/jules/.config/arc/grammars/txt.so: cannot open shared object file: No such file or directory
[INFO] get targ range: (1, 0), (0, 6)
[INFO] range_delete: left=6, right=0, top=0, bottom=1
  - test_start_of_line_to_start_of_line_dB
[WARNING] config.load_language: dlopen failed: /home/jules/.config/arc/grammars/txt.so: cannot open shared object file: No such file or directory
[INFO] get targ range: (2, 0), (1, 0)
[INFO] range_delete: left=0, right=0, top=1, bottom=2
  - test_start_of_line_to_start_of_line_dB
[WARNING] config.load_language: dlopen failed: /home/jules/.config/arc/grammars/txt.so: cannot open shared object file: No such file or directory
[INFO] get targ range: (2, 0), (1, 0)
[INFO] range_delete: left=0, right=0, top=1, bottom=2
  - test_partial_line_dl
[WARNING] config.load_language: dlopen failed: /home/jules/.config/arc/grammars/txt.so: cannot open shared object file: No such file or directory
[INFO] get targ range: (0, 3), (0, 11)
[INFO] range_delete: left=3, right=11, top=0, bottom=0
  - test_whole_line_dl
[WARNING] config.load_language: dlopen failed: /home/jules/.config/arc/grammars/txt.so: cannot open shared object file: No such file or directory
[INFO] get targ range: (0, 0), (0, 11)
[INFO] range_delete: left=0, right=11, top=0, bottom=0
  - test_partial_line_dh
[WARNING] config.load_language: dlopen failed: /home/jules/.config/arc/grammars/txt.so: cannot open shared object file: No such file or directory
[INFO] get targ range: (0, 3), (0, 0)
[INFO] range_delete: left=0, right=3, top=0, bottom=0
  - test_whole_line_dh
[WARNING] config.load_language: dlopen failed: /home/jules/.config/arc/grammars/txt.so: cannot open shared object file: No such file or directory
[INFO] get targ range: (0, 10), (0, 0)
[INFO] range_delete: left=0, right=10, top=0, bottom=0
  - test_whole_line_far_right_dh
[WARNING] config.load_language: dlopen failed: /home/jules/.config/arc/grammars/txt.so: cannot open shared object file: No such file or directory
[INFO] get targ range: (0, 11), (0, 0)
[INFO] range_delete: left=0, right=11, top=0, bottom=0
  - test_mid_file_single_line_dp
[WARNING] config.load_language: dlopen failed: /home/jules/.config/arc/grammars/txt.so: cannot open shared object file: No such file or directory
[INFO] get targ range: (2, 0), (2, 2)
[INFO] range_delete: left=0, right=2, top=2, bottom=2
  - test_w_motion
[WARNING] config.load_language: dlopen failed: /home/jules/.config/arc/grammars/txt.so: cannot open shared object file: No such file or directory
[INFO] get targ range: (0, 0), (0, 6)
  - test_f_motion
[WARNING] config.load_language: dlopen failed: /home/jules/.config/arc/grammars/txt.so: cannot open shared object file: No such file or directory
[INFO] get targ range: (0, 0), (0, 2)
  - test_f_motion_no_match
[WARNING] config.load_language: dlopen failed: /home/jules/.config/arc/grammars/txt.so: cannot open shared object file: No such file or directory
[INFO] get targ range: (0, 0), (0, 0)
  - test_2f_motion
[WARNING] config.load_language: dlopen failed: /home/jules/.config/arc/grammars/txt.so: cannot open shared object file: No such file or directory
[INFO] get targ range: (0, 0), (0, 3)
  - test_F_motion
[WARNING] config.load_language: dlopen failed: /home/jules/.config/arc/grammars/txt.so: cannot open shared object file: No such file or directory
[INFO] get targ range: (0, 5), (0, 0)
  - test_t_motion
[WARNING] config.load_language: dlopen failed: /home/jules/.config/arc/grammars/txt.so: cannot open shared object file: No such file or directory
[INFO] get targ range: (0, 0), (0, 5)
  - test_T_motion
[WARNING] config.load_language: dlopen failed: /home/jules/.config/arc/grammars/txt.so: cannot open shared object file: No such file or directory
[INFO] get targ range: (0, 5), (0, 1)
  - test_df_motion
[WARNING] config.load_language: dlopen failed: /home/jules/.config/arc/grammars/txt.so: cannot open shared object file: No such file or directory
[INFO] get targ range: (0, 0), (0, 2)
[INFO] range_delete: left=0, right=3, top=0, bottom=0
  - test_dF_motion
[WARNING] config.load_language: dlopen failed: /home/jules/.config/arc/grammars/txt.so: cannot open shared object file: No such file or directory
[INFO] get targ range: (0, 5), (0, 0)
[INFO] range_delete: left=0, right=6, top=0, bottom=0
  - test_dt_motion
[WARNING] config.load_language: dlopen failed: /home/jules/.config/arc/grammars/txt.so: cannot open shared object file: No such file or directory
[INFO] get targ range: (0, 0), (0, 5)
[INFO] range_delete: left=0, right=6, top=0, bottom=0
  - test_dT_motion
[WARNING] config.load_language: dlopen failed: /home/jules/.config/arc/grammars/txt.so: cannot open shared object file: No such file or directory
[INFO] get targ range: (0, 5), (0, 1)
[INFO] range_delete: left=1, right=6, top=0, bottom=0
All tests passed.
